{
  "auditReportVersion": 2,
  "vulnerabilities": {
    "browserslist": {
      "name": "browserslist",
      "severity": "high",
      "isDirect": false,
      "via": [
        {
          "source": 1153171,
          "name": "browserslist",
          "dependency": "browserslist",
          "title": "Browserslist: Unbounded memory growth (no cache eviction) via distinct query results, leading to eventual OOM",
          "url": "https://github.com/advisories/GHSA-c83g-rgw3-j3cx",
          "severity": "high",
          "cwe": [
            "CWE-770"
          ],
          "cvss": {
            "score": 7.5,
            "vectorString": "CVSS:3.1/AV:N/AC:L/PR:N/UI:N/S:U/C:N/I:N/A:H"
          },
          "range": "<=4.28.6"
        },
        {
          "source": 1153172,
          "name": "browserslist",
          "dependency": "browserslist",
          "title": "Browserslist: Uncaught crash / prototype write via untrusted browserslist-stats.json custom stats (normalizeStats)",
          "url": "https://github.com/advisories/GHSA-73wf-gq98-2v4g",
          "severity": "high",
          "cwe": [
            "CWE-248",
            "CWE-1321"
          ],
          "cvss": {
            "score": 7.5,
            "vectorString": "CVSS:3.1/AV:N/AC:L/PR:N/UI:N/S:U/C:N/I:N/A:H"
          },
          "range": "<=4.28.6"
        }
      ],
      "effects": [],
      "range": "<=4.28.6",
      "nodes": [
        "node_modules/browserslist"
      ],
      "fixAvailable": true
    }
  },
  "metadata": {
    "vulnerabilities": {
      "info": 0,
      "low": 0,
      "moderate": 0,
      "high": 1,
      "critical": 0,
      "total": 1
    },
    "dependencies": {
      "prod": 600,
      "dev": 423,
      "optional": 152,
      "peer": 18,
      "peerOptional": 0,
      "total": 1077
    }
  }
}
